cd apps/api && /Users/kit/Projects/piksa_vr/apps/api/.venv/bin/python -m ruff check . && /Users/kit/Projects/piksa_vr/apps/api/.venv/bin/python -m ruff format --check .
All checks passed!
5 files already formatted
cd apps/web && npm run lint && npm run format:check

> piksa-vr-web@0.1.0 lint
> eslint .


> piksa-vr-web@0.1.0 format:check
> prettier --check .

Checking formatting...
All matched files use Prettier code style!
cd apps/api && /Users/kit/Projects/piksa_vr/apps/api/.venv/bin/python -m mypy app
Success: no issues found in 3 source files
cd apps/web && npm run type-check

> piksa-vr-web@0.1.0 type-check
> tsc -b --pretty false

cd apps/api && /Users/kit/Projects/piksa_vr/apps/api/.venv/bin/python -m pytest
============================= test session starts ==============================
platform darwin -- Python 3.14.3, pytest-9.1.1, pluggy-1.6.0
rootdir: /Users/kit/Projects/piksa_vr/apps/api
configfile: pyproject.toml
testpaths: tests
plugins: anyio-4.15.1
collected 3 items

tests/test_health.py ...                                                 [100%]

=============================== warnings summary ===============================
.venv/lib/python3.14/site-packages/fastapi/testclient.py:1
  /Users/kit/Projects/piksa_vr/apps/api/.venv/lib/python3.14/site-packages/fastapi/testclient.py:1: StarletteDeprecationWarning: Using `httpx` with `starlette.testclient` is deprecated; install `httpx2` instead.
    from starlette.testclient import TestClient as TestClient  # noqa

-- Docs: https://docs.pytest.org/en/stable/how-to/capture-warnings.html
========================= 3 passed, 1 warning in 0.26s =========================
cd apps/web && npm test -- --run

> piksa-vr-web@0.1.0 test
> vitest --run


 RUN  v3.2.7 /Users/kit/Projects/piksa_vr/apps/web

 ✓ src/App.test.tsx (2 tests) 19ms

 Test Files  1 passed (1)
      Tests  2 passed (2)
   Start at  16:12:47
   Duration  553ms (transform 20ms, setup 61ms, collect 47ms, tests 19ms, environment 245ms, prepare 36ms)

cd apps/web && npm run build

> piksa-vr-web@0.1.0 build
> tsc -b && vite build

vite v6.4.3 building for production...
transforming...
✓ 29 modules transformed.
rendering chunks...
computing gzip size...
dist/index.html                   0.39 kB │ gzip:  0.27 kB
dist/assets/index-fcuvHlbH.css    0.17 kB │ gzip:  0.15 kB
dist/assets/index-DVLj6YBh.js   224.52 kB │ gzip: 69.96 kB
✓ built in 354ms
